2026-07-06T10:04:33.324663409Z [inf]  Starting Container
2026-07-06T10:04:33.968166561Z [inf]  > ketoan-erp-backend@1.0.0 start
2026-07-06T10:04:33.968180706Z [inf]  > node server.js
2026-07-06T10:04:33.968190294Z [inf]  
2026-07-06T10:04:33.968197555Z [err]  file:///app/services/queue.service.js:6
2026-07-06T10:04:33.968205184Z [err]  import { Queue, Worker, QueueScheduler } from 'bullmq';
2026-07-06T10:04:33.968214446Z [err]                          ^^^^^^^^^^^^^^
2026-07-06T10:04:33.968222223Z [err]  SyntaxError: Named export 'QueueScheduler' not found. The requested module 'bullmq' is a CommonJS module, which may not support all module.exports as named exports.
2026-07-06T10:04:33.968229751Z [err]  CommonJS modules can always be imported via the default export, for example using:
2026-07-06T10:04:33.968235937Z [err]  
2026-07-06T10:04:33.968244104Z [err]  npm warn config production Use `--omit=dev` instead.
2026-07-06T10:04:33.968244176Z [err]  import pkg from 'bullmq';
2026-07-06T10:04:33.968251209Z [err]  const { Queue, Worker, QueueScheduler } = pkg;
2026-07-06T10:04:33.968252820Z [inf]  
2026-07-06T10:04:33.968257379Z [err]  
2026-07-06T10:04:33.968263387Z [err]      at ModuleJob._instantiate (node:internal/modules/esm/module_job:226:21)
2026-07-06T10:04:33.968268223Z [err]      at async ModuleJob.run (node:internal/modules/esm/module_job:335:5)
2026-07-06T10:04:33.968273024Z [err]      at async onImport.tracePromise.__proto__ (node:internal/modules/esm/loader:681:26)
2026-07-06T10:04:33.968277655Z [err]      at async asyncRunEntryPointWithESMLoader (node:internal/modules/run_main:117:5)
2026-07-06T10:04:33.968282391Z [err]  
2026-07-06T10:04:33.968288473Z [err]  Node.js v22.23.1
2026-07-06T10:04:34.195454522Z [err]  npm warn config production Use `--omit=dev` instead.
2026-07-06T10:04:34.219429681Z [inf]  
2026-07-06T10:04:34.219435183Z [inf]  > ketoan-erp-backend@1.0.0 start
2026-07-06T10:04:34.219441634Z [inf]  > node server.js
2026-07-06T10:04:34.219448102Z [inf]  
2026-07-06T10:04:34.373256984Z [err]  file:///app/services/queue.service.js:6
2026-07-06T10:04:34.373264767Z [err]  import { Queue, Worker, QueueScheduler } from 'bullmq';
2026-07-06T10:04:34.373272220Z [err]                          ^^^^^^^^^^^^^^
2026-07-06T10:04:34.373281671Z [err]  SyntaxError: Named export 'QueueScheduler' not found. The requested module 'bullmq' is a CommonJS module, which may not support all module.exports as named exports.
2026-07-06T10:04:34.373288827Z [err]  CommonJS modules can always be imported via the default export, for example using:
2026-07-06T10:04:34.373296268Z [err]  
2026-07-06T10:04:34.373305208Z [err]  import pkg from 'bullmq';
2026-07-06T10:04:34.373311955Z [err]  const { Queue, Worker, QueueScheduler } = pkg;
2026-07-06T10:04:34.373319865Z [err]  
2026-07-06T10:04:34.373326438Z [err]      at ModuleJob._instantiate (node:internal/modules/esm/module_job:226:21)
2026-07-06T10:04:34.373334609Z [err]      at async ModuleJob.run (node:internal/modules/esm/module_job:335:5)
2026-07-06T10:04:34.373341797Z [err]      at async onImport.tracePromise.__proto__ (node:internal/modules/esm/loader:681:26)
2026-07-06T10:04:34.373349599Z [err]      at async asyncRunEntryPointWithESMLoader (node:internal/modules/run_main:117:5)
2026-07-06T10:04:34.373356485Z [err]  
2026-07-06T10:04:34.373363758Z [err]  Node.js v22.23.1
2026-07-06T10:04:35.310947703Z [err]  npm warn config production Use `--omit=dev` instead.
2026-07-06T10:04:35.316974229Z [inf]  
2026-07-06T10:04:35.316984570Z [inf]  > ketoan-erp-backend@1.0.0 start
2026-07-06T10:04:35.316992196Z [inf]  > node server.js
2026-07-06T10:04:35.316998086Z [inf]  
2026-07-06T10:04:35.492944535Z [err]      at ModuleJob._instantiate (node:internal/modules/esm/module_job:226:21)
2026-07-06T10:04:35.492954653Z [err]      at async ModuleJob.run (node:internal/modules/esm/module_job:335:5)
2026-07-06T10:04:35.492956996Z [err]  file:///app/services/queue.service.js:6
2026-07-06T10:04:35.492963188Z [err]  import { Queue, Worker, QueueScheduler } from 'bullmq';
2026-07-06T10:04:35.492965175Z [err]      at async onImport.tracePromise.__proto__ (node:internal/modules/esm/loader:681:26)
2026-07-06T10:04:35.492969447Z [err]                          ^^^^^^^^^^^^^^
2026-07-06T10:04:35.492974594Z [err]      at async asyncRunEntryPointWithESMLoader (node:internal/modules/run_main:117:5)
2026-07-06T10:04:35.492977402Z [err]  SyntaxError: Named export 'QueueScheduler' not found. The requested module 'bullmq' is a CommonJS module, which may not support all module.exports as named exports.
2026-07-06T10:04:35.492983561Z [err]  CommonJS modules can always be imported via the default export, for example using:
2026-07-06T10:04:35.492985902Z [err]  
2026-07-06T10:04:35.492990802Z [err]  
2026-07-06T10:04:35.492995605Z [err]  Node.js v22.23.1
2026-07-06T10:04:35.493000596Z [err]  import pkg from 'bullmq';
2026-07-06T10:04:35.493006522Z [err]  const { Queue, Worker, QueueScheduler } = pkg;
2026-07-06T10:04:35.493013113Z [err]  
2026-07-06T10:04:36.482786738Z [err]  npm warn config production Use `--omit=dev` instead.
2026-07-06T10:04:36.501915308Z [inf]  
2026-07-06T10:04:36.501925107Z [inf]  > ketoan-erp-backend@1.0.0 start
2026-07-06T10:04:36.501931870Z [inf]  > node server.js
2026-07-06T10:04:36.501938614Z [inf]  
2026-07-06T10:04:36.680826650Z [err]  file:///app/services/queue.service.js:6
2026-07-06T10:04:36.680834324Z [err]  import { Queue, Worker, QueueScheduler } from 'bullmq';
2026-07-06T10:04:36.680843725Z [err]                          ^^^^^^^^^^^^^^
2026-07-06T10:04:36.680850377Z [err]  SyntaxError: Named export 'QueueScheduler' not found. The requested module 'bullmq' is a CommonJS module, which may not support all module.exports as named exports.
2026-07-06T10:04:36.680857002Z [err]  CommonJS modules can always be imported via the default export, for example using:
2026-07-06T10:04:36.680865709Z [err]  
2026-07-06T10:04:36.680872209Z [err]  import pkg from 'bullmq';
2026-07-06T10:04:36.680877969Z [err]  const { Queue, Worker, QueueScheduler } = pkg;
2026-07-06T10:04:36.680883212Z [err]  
2026-07-06T10:04:36.680887909Z [err]      at ModuleJob._instantiate (node:internal/modules/esm/module_job:226:21)
2026-07-06T10:04:36.680892145Z [err]      at async ModuleJob.run (node:internal/modules/esm/module_job:335:5)
2026-07-06T10:04:36.680896528Z [err]      at async onImport.tracePromise.__proto__ (node:internal/modules/esm/loader:681:26)
2026-07-06T10:04:36.680901222Z [err]      at async asyncRunEntryPointWithESMLoader (node:internal/modules/run_main:117:5)
2026-07-06T10:04:36.680906653Z [err]  
2026-07-06T10:04:36.680911608Z [err]  Node.js v22.23.1
2026-07-06T10:04:37.667407013Z [err]  npm warn config production Use `--omit=dev` instead.
2026-07-06T10:04:37.680978648Z [inf]  
2026-07-06T10:04:37.680982792Z [inf]  > ketoan-erp-backend@1.0.0 start
2026-07-06T10:04:37.680987818Z [inf]  > node server.js
2026-07-06T10:04:37.680993727Z [inf]  
2026-07-06T10:04:38.022272859Z [err]      at ModuleJob._instantiate (node:internal/modules/esm/module_job:226:21)
2026-07-06T10:04:38.022285705Z [err]      at async ModuleJob.run (node:internal/modules/esm/module_job:335:5)
2026-07-06T10:04:38.022293377Z [err]      at async onImport.tracePromise.__proto__ (node:internal/modules/esm/loader:681:26)
2026-07-06T10:04:38.022300246Z [err]      at async asyncRunEntryPointWithESMLoader (node:internal/modules/run_main:117:5)
2026-07-06T10:04:38.022309858Z [err]  file:///app/services/queue.service.js:6
2026-07-06T10:04:38.022310103Z [err]  
2026-07-06T10:04:38.022320138Z [err]  Node.js v22.23.1
2026-07-06T10:04:38.022321132Z [err]  import { Queue, Worker, QueueScheduler } from 'bullmq';
2026-07-06T10:04:38.022328346Z [err]                          ^^^^^^^^^^^^^^
2026-07-06T10:04:38.022335009Z [err]  SyntaxError: Named export 'QueueScheduler' not found. The requested module 'bullmq' is a CommonJS module, which may not support all module.exports as named exports.
2026-07-06T10:04:38.022341930Z [err]  CommonJS modules can always be imported via the default export, for example using:
2026-07-06T10:04:38.022348157Z [err]  
2026-07-06T10:04:38.022354196Z [err]  import pkg from 'bullmq';
2026-07-06T10:04:38.022360736Z [err]  const { Queue, Worker, QueueScheduler } = pkg;
2026-07-06T10:04:38.022367048Z [err]  
2026-07-06T10:04:39.016892025Z [inf]  > node server.js
2026-07-06T10:04:39.016905947Z [inf]  
2026-07-06T10:04:39.016921422Z [err]  npm warn config production Use `--omit=dev` instead.
2026-07-06T10:04:39.016935223Z [inf]  
2026-07-06T10:04:39.016946832Z [inf]  > ketoan-erp-backend@1.0.0 start
2026-07-06T10:04:39.041008424Z [err]  file:///app/services/queue.service.js:6
2026-07-06T10:04:39.041019920Z [err]  import { Queue, Worker, QueueScheduler } from 'bullmq';
2026-07-06T10:04:39.041026781Z [err]                          ^^^^^^^^^^^^^^
2026-07-06T10:04:39.041035035Z [err]  SyntaxError: Named export 'QueueScheduler' not found. The requested module 'bullmq' is a CommonJS module, which may not support all module.exports as named exports.
2026-07-06T10:04:39.041042764Z [err]  CommonJS modules can always be imported via the default export, for example using:
2026-07-06T10:04:39.041050504Z [err]  
2026-07-06T10:04:39.041057184Z [err]  import pkg from 'bullmq';
2026-07-06T10:04:39.041064322Z [err]  const { Queue, Worker, QueueScheduler } = pkg;
2026-07-06T10:04:39.041071401Z [err]  
2026-07-06T10:04:39.041079290Z [err]      at ModuleJob._instantiate (node:internal/modules/esm/module_job:226:21)
2026-07-06T10:04:39.041086647Z [err]      at async ModuleJob.run (node:internal/modules/esm/module_job:335:5)
2026-07-06T10:04:39.041093915Z [err]      at async onImport.tracePromise.__proto__ (node:internal/modules/esm/loader:681:26)
2026-07-06T10:04:39.041104841Z [err]      at async asyncRunEntryPointWithESMLoader (node:internal/modules/run_main:117:5)
2026-07-06T10:04:39.041111738Z [err]  
2026-07-06T10:04:39.041118643Z [err]  Node.js v22.23.1
2026-07-06T10:04:40.020249822Z [err]  npm warn config production Use `--omit=dev` instead.
2026-07-06T10:04:40.033253148Z [inf]  
2026-07-06T10:04:40.033261472Z [inf]  > ketoan-erp-backend@1.0.0 start
2026-07-06T10:04:40.033268426Z [inf]  > node server.js
2026-07-06T10:04:40.033275025Z [inf]  
2026-07-06T10:04:40.204249203Z [err]  
2026-07-06T10:04:40.204252476Z [err]  file:///app/services/queue.service.js:6
2026-07-06T10:04:40.204257637Z [err]  import { Queue, Worker, QueueScheduler } from 'bullmq';
2026-07-06T10:04:40.204263698Z [err]                          ^^^^^^^^^^^^^^
2026-07-06T10:04:40.204265095Z [err]  Node.js v22.23.1
2026-07-06T10:04:40.204269639Z [err]  SyntaxError: Named export 'QueueScheduler' not found. The requested module 'bullmq' is a CommonJS module, which may not support all module.exports as named exports.
2026-07-06T10:04:40.204274194Z [err]  CommonJS modules can always be imported via the default export, for example using:
2026-07-06T10:04:40.204278659Z [err]  
2026-07-06T10:04:40.204283532Z [err]  import pkg from 'bullmq';
2026-07-06T10:04:40.204288125Z [err]  const { Queue, Worker, QueueScheduler } = pkg;
2026-07-06T10:04:40.204293338Z [err]  
2026-07-06T10:04:40.204297878Z [err]      at ModuleJob._instantiate (node:internal/modules/esm/module_job:226:21)
2026-07-06T10:04:40.204302537Z [err]      at async ModuleJob.run (node:internal/modules/esm/module_job:335:5)
2026-07-06T10:04:40.204308899Z [err]      at async onImport.tracePromise.__proto__ (node:internal/modules/esm/loader:681:26)
2026-07-06T10:04:40.204314436Z [err]      at async asyncRunEntryPointWithESMLoader (node:internal/modules/run_main:117:5)
2026-07-06T10:04:41.227492797Z [err]  npm warn config production Use `--omit=dev` instead.
2026-07-06T10:04:41.250969175Z [inf]  
2026-07-06T10:04:41.250978930Z [inf]  > ketoan-erp-backend@1.0.0 start
2026-07-06T10:04:41.250989399Z [inf]  > node server.js
2026-07-06T10:04:41.250995309Z [inf]  
2026-07-06T10:04:41.434303752Z [err]  Node.js v22.23.1
2026-07-06T10:04:41.434339587Z [err]  file:///app/services/queue.service.js:6
2026-07-06T10:04:41.434347460Z [err]  import { Queue, Worker, QueueScheduler } from 'bullmq';
2026-07-06T10:04:41.434354865Z [err]                          ^^^^^^^^^^^^^^
2026-07-06T10:04:41.434534950Z [err]  SyntaxError: Named export 'QueueScheduler' not found. The requested module 'bullmq' is a CommonJS module, which may not support all module.exports as named exports.
2026-07-06T10:04:41.434545121Z [err]  CommonJS modules can always be imported via the default export, for example using:
2026-07-06T10:04:41.434552482Z [err]  
2026-07-06T10:04:41.434558842Z [err]  import pkg from 'bullmq';
2026-07-06T10:04:41.434566403Z [err]  const { Queue, Worker, QueueScheduler } = pkg;
2026-07-06T10:04:41.434573015Z [err]  
2026-07-06T10:04:41.434580085Z [err]      at ModuleJob._instantiate (node:internal/modules/esm/module_job:226:21)
2026-07-06T10:04:41.434590568Z [err]      at async ModuleJob.run (node:internal/modules/esm/module_job:335:5)
2026-07-06T10:04:41.434597567Z [err]      at async onImport.tracePromise.__proto__ (node:internal/modules/esm/loader:681:26)
2026-07-06T10:04:41.434604146Z [err]      at async asyncRunEntryPointWithESMLoader (node:internal/modules/run_main:117:5)
2026-07-06T10:04:41.434611060Z [err]  
2026-07-06T10:04:42.690334726Z [err]  npm warn config production Use `--omit=dev` instead.
2026-07-06T10:04:42.720178039Z [inf]  
2026-07-06T10:04:42.720189402Z [inf]  > ketoan-erp-backend@1.0.0 start
2026-07-06T10:04:42.720197464Z [inf]  > node server.js
2026-07-06T10:04:42.720205034Z [inf]  
2026-07-06T10:04:43.070160923Z [err]  
2026-07-06T10:04:43.070161166Z [err]  
2026-07-06T10:04:43.070170178Z [err]      at ModuleJob._instantiate (node:internal/modules/esm/module_job:226:21)
2026-07-06T10:04:43.070173121Z [err]  Node.js v22.23.1
2026-07-06T10:04:43.070177624Z [err]      at async ModuleJob.run (node:internal/modules/esm/module_job:335:5)
2026-07-06T10:04:43.070182282Z [err]      at async onImport.tracePromise.__proto__ (node:internal/modules/esm/loader:681:26)
2026-07-06T10:04:43.070187494Z [err]      at async asyncRunEntryPointWithESMLoader (node:internal/modules/run_main:117:5)
2026-07-06T10:04:43.070235492Z [err]  file:///app/services/queue.service.js:6
2026-07-06T10:04:43.070244150Z [err]  import { Queue, Worker, QueueScheduler } from 'bullmq';
2026-07-06T10:04:43.070252719Z [err]                          ^^^^^^^^^^^^^^
2026-07-06T10:04:43.070260258Z [err]  SyntaxError: Named export 'QueueScheduler' not found. The requested module 'bullmq' is a CommonJS module, which may not support all module.exports as named exports.
2026-07-06T10:04:43.070268195Z [err]  CommonJS modules can always be imported via the default export, for example using:
2026-07-06T10:04:43.070276364Z [err]  
2026-07-06T10:04:43.070284290Z [err]  import pkg from 'bullmq';
2026-07-06T10:04:43.070291039Z [err]  const { Queue, Worker, QueueScheduler } = pkg;
2026-07-06T10:04:44.126140154Z [err]  npm warn config production Use `--omit=dev` instead.
2026-07-06T10:04:44.139499574Z [inf]  
2026-07-06T10:04:44.139508767Z [inf]  > ketoan-erp-backend@1.0.0 start
2026-07-06T10:04:44.139514483Z [inf]  > node server.js
2026-07-06T10:04:44.139521212Z [inf]  
2026-07-06T10:04:44.294053799Z [err]  file:///app/services/queue.service.js:6
2026-07-06T10:04:44.294061008Z [err]  
2026-07-06T10:04:44.294062340Z [err]  import { Queue, Worker, QueueScheduler } from 'bullmq';
2026-07-06T10:04:44.294067939Z [err]                          ^^^^^^^^^^^^^^
2026-07-06T10:04:44.294071172Z [err]  Node.js v22.23.1
2026-07-06T10:04:44.294074612Z [err]  SyntaxError: Named export 'QueueScheduler' not found. The requested module 'bullmq' is a CommonJS module, which may not support all module.exports as named exports.
2026-07-06T10:04:44.294079272Z [err]  CommonJS modules can always be imported via the default export, for example using:
2026-07-06T10:04:44.294085071Z [err]  
2026-07-06T10:04:44.294090933Z [err]  import pkg from 'bullmq';
2026-07-06T10:04:44.294096906Z [err]  const { Queue, Worker, QueueScheduler } = pkg;
2026-07-06T10:04:44.294103342Z [err]  
2026-07-06T10:04:44.294109258Z [err]      at ModuleJob._instantiate (node:internal/modules/esm/module_job:226:21)
2026-07-06T10:04:44.294117026Z [err]      at async ModuleJob.run (node:internal/modules/esm/module_job:335:5)
2026-07-06T10:04:44.294122629Z [err]      at async onImport.tracePromise.__proto__ (node:internal/modules/esm/loader:681:26)
2026-07-06T10:04:44.294127631Z [err]      at async asyncRunEntryPointWithESMLoader (node:internal/modules/run_main:117:5)
2026-07-06T10:04:45.292710013Z [err]  npm warn config production Use `--omit=dev` instead.
2026-07-06T10:04:45.316793226Z [inf]  
2026-07-06T10:04:45.316802106Z [inf]  > ketoan-erp-backend@1.0.0 start
2026-07-06T10:04:45.316809064Z [inf]  > node server.js
2026-07-06T10:04:45.316815266Z [inf]  
2026-07-06T10:04:45.473821739Z [err]  file:///app/services/queue.service.js:6
2026-07-06T10:04:45.473829351Z [err]  import { Queue, Worker, QueueScheduler } from 'bullmq';
2026-07-06T10:04:45.473834168Z [err]  Node.js v22.23.1
2026-07-06T10:04:45.473835226Z [err]                          ^^^^^^^^^^^^^^
2026-07-06T10:04:45.473840480Z [err]  SyntaxError: Named export 'QueueScheduler' not found. The requested module 'bullmq' is a CommonJS module, which may not support all module.exports as named exports.
2026-07-06T10:04:45.473845109Z [err]  CommonJS modules can always be imported via the default export, for example using:
2026-07-06T10:04:45.473849757Z [err]  
2026-07-06T10:04:45.473854833Z [err]  import pkg from 'bullmq';
2026-07-06T10:04:45.473859374Z [err]  const { Queue, Worker, QueueScheduler } = pkg;
2026-07-06T10:04:45.473863984Z [err]  
2026-07-06T10:04:45.473868787Z [err]      at ModuleJob._instantiate (node:internal/modules/esm/module_job:226:21)
2026-07-06T10:04:45.473873815Z [err]      at async ModuleJob.run (node:internal/modules/esm/module_job:335:5)
2026-07-06T10:04:45.473880158Z [err]      at async onImport.tracePromise.__proto__ (node:internal/modules/esm/loader:681:26)
2026-07-06T10:04:45.473886279Z [err]      at async asyncRunEntryPointWithESMLoader (node:internal/modules/run_main:117:5)
2026-07-06T10:04:45.473901442Z [err]  